// Jest Snapshot v1, https://goo.gl/fbAQLP

exports[`Listbox renders a listbox (snapshot) 1`] = `
<ul
  role="listbox"
  tabindex="0"
>
  <li
    id="option--ford--1"
    role="option"
  >
    Ford
  </li>
  <li
    id="option--tesla--2"
    role="option"
  >
    Tesla
  </li>
  <li
    id="option--toyota--3"
    role="option"
  >
    Toyota
  </li>
</ul>
`;
